src/controllers/nominas.controller.ts(39,5): error TS2322: Type '{ periodo: any; fechaInicio: Date; fechaFin: Date; estado: "BORRADOR"; }' is not assignable to type '(Without<NominaCreateInput, NominaUncheckedCreateInput> & NominaUncheckedCreateInput) | (Without<...> & NominaCreateInput)'.
  Type '{ periodo: any; fechaInicio: Date; fechaFin: Date; estado: "BORRADOR"; }' is not assignable to type 'Without<NominaUncheckedCreateInput, NominaCreateInput> & NominaCreateInput'.
    Property 'folio' is missing in type '{ periodo: any; fechaInicio: Date; fechaFin: Date; estado: "BORRADOR"; }' but required in type 'NominaCreateInput'.
src/controllers/nominas.controller.ts(105,7): error TS2353: Object literal may only specify known properties, and 'fechaAutorizacion' does not exist in type 'Without<NominaUpdateInput, NominaUncheckedUpdateInput> & NominaUncheckedUpdateInput'.
src/controllers/nominas.controller.ts(125,94): error TS2339: Property 'diasTrabajados' does not exist on type '{ id: number; salarioBase: number; nominaId: number; empleadoId: number; bonos: number; deducciones: number; totalAPagar: number; }'.
src/controllers/nominas.controller.ts(131,7): error TS2353: Object literal may only specify known properties, and 'diasTrabajados' does not exist in type '(Without<PreNominaUpdateInput, PreNominaUncheckedUpdateInput> & PreNominaUncheckedUpdateInput) | (Without<...> & PreNominaUpdateInput)'.
src/controllers/nominas.controller.ts(131,62): error TS2339: Property 'diasTrabajados' does not exist on type '{ id: number; salarioBase: number; nominaId: number; empleadoId: number; bonos: number; deducciones: number; totalAPagar: number; }'.
src/controllers/nominas.controller.ts(135,45): error TS2339: Property 'incidencias' does not exist on type '{ id: number; salarioBase: number; nominaId: number; empleadoId: number; bonos: number; deducciones: number; totalAPagar: number; }'.
src/controllers/reportes.controller.ts(141,29): error TS2345: Argument of type 'string | string[]' is not assignable to parameter of type 'string'.
  Type 'string[]' is not assignable to type 'string'.
