database_seed.ts(37,96): error TS2339: Property 'RECURSOS_HUMANOS' does not exist on type '{ ADMIN_GENERAL: "ADMIN_GENERAL"; AREA_MEDICA: "AREA_MEDICA"; ENFERMERIA: "ENFERMERIA"; NUTRICION: "NUTRICION"; PSICOLOGIA: "PSICOLOGIA"; RRHH_FINANZAS: "RRHH_FINANZAS"; ADMISIONES: "ADMISIONES"; ALMACEN: "ALMACEN"; JEFE_MEDICO: "JEFE_MEDICO"; }'.
database_seed.ts(38,96): error TS2339: Property 'RECURSOS_FINANCIEROS' does not exist on type '{ ADMIN_GENERAL: "ADMIN_GENERAL"; AREA_MEDICA: "AREA_MEDICA"; ENFERMERIA: "ENFERMERIA"; NUTRICION: "NUTRICION"; PSICOLOGIA: "PSICOLOGIA"; RRHH_FINANZAS: "RRHH_FINANZAS"; ADMISIONES: "ADMISIONES"; ALMACEN: "ALMACEN"; JEFE_MEDICO: "JEFE_MEDICO"; }'.
database_seed.ts(39,96): error TS2339: Property 'JEFE_ADMINISTRATIVO' does not exist on type '{ ADMIN_GENERAL: "ADMIN_GENERAL"; AREA_MEDICA: "AREA_MEDICA"; ENFERMERIA: "ENFERMERIA"; NUTRICION: "NUTRICION"; PSICOLOGIA: "PSICOLOGIA"; RRHH_FINANZAS: "RRHH_FINANZAS"; ADMISIONES: "ADMISIONES"; ALMACEN: "ALMACEN"; JEFE_MEDICO: "JEFE_MEDICO"; }'.
src/controllers/actividades.controller.ts(41,23): error TS2345: Argument of type 'string | string[]' is not assignable to parameter of type 'string'.
  Type 'string[]' is not assignable to type 'string'.
src/controllers/clinica.controller.ts(14,37): error TS2345: Argument of type 'string | string[]' is not assignable to parameter of type 'string'.
  Type 'string[]' is not assignable to type 'string'.
src/controllers/clinica.controller.ts(37,36): error TS2345: Argument of type 'string | string[]' is not assignable to parameter of type 'string'.
  Type 'string[]' is not assignable to type 'string'.
src/controllers/clinica.controller.ts(68,34): error TS2345: Argument of type 'string | string[]' is not assignable to parameter of type 'string'.
  Type 'string[]' is not assignable to type 'string'.
src/controllers/clinica.controller.ts(99,34): error TS2345: Argument of type 'string | string[]' is not assignable to parameter of type 'string'.
  Type 'string[]' is not assignable to type 'string'.
src/controllers/clinica.controller.ts(128,38): error TS2345: Argument of type 'string | string[]' is not assignable to parameter of type 'string'.
  Type 'string[]' is not assignable to type 'string'.
src/controllers/clinica.controller.ts(144,35): error TS2345: Argument of type 'string | string[]' is not assignable to parameter of type 'string'.
  Type 'string[]' is not assignable to type 'string'.
src/controllers/clinica.controller.ts(190,27): error TS2345: Argument of type 'string | string[]' is not assignable to parameter of type 'string'.
  Type 'string[]' is not assignable to type 'string'.
src/controllers/clinica.controller.ts(216,35): error TS2345: Argument of type 'string | string[]' is not assignable to parameter of type 'string'.
  Type 'string[]' is not assignable to type 'string'.
src/controllers/clinica.controller.ts(233,34): error TS2345: Argument of type 'string | string[]' is not assignable to parameter of type 'string'.
  Type 'string[]' is not assignable to type 'string'.
src/controllers/clinica.controller.ts(263,27): error TS2345: Argument of type 'string | string[]' is not assignable to parameter of type 'string'.
  Type 'string[]' is not assignable to type 'string'.
src/controllers/clinica.controller.ts(296,30): error TS2345: Argument of type 'string | string[]' is not assignable to parameter of type 'string'.
  Type 'string[]' is not assignable to type 'string'.
src/controllers/clinica.controller.ts(323,40): error TS2538: Type 'string[]' cannot be used as an index type.
src/controllers/clinica.controller.ts(328,36): error TS2345: Argument of type 'string | string[]' is not assignable to parameter of type 'string'.
  Type 'string[]' is not assignable to type 'string'.
src/controllers/clinica.controller.ts(362,37): error TS2345: Argument of type 'string | string[]' is not assignable to parameter of type 'string'.
  Type 'string[]' is not assignable to type 'string'.
src/controllers/clinica.controller.ts(376,36): error TS2345: Argument of type 'string | string[]' is not assignable to parameter of type 'string'.
  Type 'string[]' is not assignable to type 'string'.
src/controllers/dashboard.controller.ts(30,68): error TS2551: Property 'EN_AUTORIZACION_DIRECCION' does not exist on type '{ REQUISICION_CREADA: "REQUISICION_CREADA"; EN_REVISION_RECURSOS: "EN_REVISION_RECURSOS"; EN_REVISION_COMPRAS: "EN_REVISION_COMPRAS"; EN_REVISION_ADMINISTRACION: "EN_REVISION_ADMINISTRACION"; ... 10 more ...; RECHAZADO: "RECHAZADO"; }'. Did you mean 'EN_REVISION_DIRECCION'?
src/controllers/dashboard.controller.ts(155,68): error TS2551: Property 'EN_AUTORIZACION_DIRECCION' does not exist on type '{ REQUISICION_CREADA: "REQUISICION_CREADA"; EN_REVISION_RECURSOS: "EN_REVISION_RECURSOS"; EN_REVISION_COMPRAS: "EN_REVISION_COMPRAS"; EN_REVISION_ADMINISTRACION: "EN_REVISION_ADMINISTRACION"; ... 10 more ...; RECHAZADO: "RECHAZADO"; }'. Did you mean 'EN_REVISION_DIRECCION'?
src/controllers/nominas.controller.ts(17,7): error TS2353: Object literal may only specify known properties, and 'numeroEmpleado' does not exist in type '(Without<EmpleadoCreateInput, EmpleadoUncheckedCreateInput> & EmpleadoUncheckedCreateInput) | (Without<...> & EmpleadoCreateInput)'.
src/controllers/nominas.controller.ts(109,9): error TS2353: Object literal may only specify known properties, and 'regimen' does not exist in type '(Without<NominaCreateInput, NominaUncheckedCreateInput> & NominaUncheckedCreateInput) | (Without<...> & NominaCreateInput)'.
src/controllers/nominas.controller.ts(163,24): error TS2367: This comparison appears to be unintentional because the types 'Rol' and '"RECURSOS_FINANCIEROS"' have no overlap.
src/controllers/nominas.controller.ts(165,24): error TS2367: This comparison appears to be unintentional because the types 'Rol' and '"JEFE_ADMINISTRATIVO"' have no overlap.
src/controllers/nominas.controller.ts(166,18): error TS2367: This comparison appears to be unintentional because the types 'Rol' and '"RECURSOS_HUMANOS"' have no overlap.
src/controllers/nominas.controller.ts(184,21): error TS2339: Property 'archivoAsistenciasUrl' does not exist on type '{ id: number; createdAt: Date; updatedAt: Date; folio: string; estado: EstadoNomina; usuarioAutorizaId: number | null; fechaAutorizacion: Date | null; ... 12 more ...; totalGeneral: number | null; }'.
src/controllers/nominas.controller.ts(523,40): error TS2339: Property 'registroAsistencia' does not exist on type 'PrismaClient<PrismaClientOptions, never, DefaultArgs>'.
src/controllers/nominas.controller.ts(535,48): error TS7006: Parameter 'r' implicitly has an 'any' type.
src/controllers/nominas.controller.ts(564,36): error TS2339: Property 'registroAsistencia' does not exist on type 'PrismaClient<PrismaClientOptions, never, DefaultArgs>'.
src/controllers/nominas.controller.ts(600,9): error TS2353: Object literal may only specify known properties, and 'archivoSubsidioUrl' does not exist in type '(Without<NominaUpdateInput, NominaUncheckedUpdateInput> & NominaUncheckedUpdateInput) | (Without<...> & NominaUpdateInput)'.
src/controllers/nominas.controller.ts(709,35): error TS2339: Property 'regimen' does not exist on type '{ id: number; createdAt: Date; updatedAt: Date; folio: string; estado: EstadoNomina; usuarioAutorizaId: number | null; fechaAutorizacion: Date | null; ... 12 more ...; totalGeneral: number | null; }'.
src/controllers/nominas.controller.ts(714,38): error TS2339: Property 'registroAsistencia' does not exist on type 'PrismaClient<PrismaClientOptions, never, DefaultArgs>'.
src/controllers/nominas.controller.ts(833,9): error TS2353: Object literal may only specify known properties, and 'archivoAsistenciasUrl' does not exist in type 'Without<NominaUpdateInput, NominaUncheckedUpdateInput> & NominaUncheckedUpdateInput'.
src/controllers/nominas.controller.ts(885,9): error TS2353: Object literal may only specify known properties, and 'archivoNominaFinalUrl' does not exist in type '(Without<NominaUpdateInput, NominaUncheckedUpdateInput> & NominaUncheckedUpdateInput) | (Without<...> & NominaUpdateInput)'.
src/controllers/nominas.controller.ts(922,35): error TS2339: Property 'registroAsistencia' does not exist on type 'PrismaClient<PrismaClientOptions, never, DefaultArgs>'.
src/controllers/nominas.controller.ts(931,38): error TS2339: Property 'registroAsistencia' does not exist on type 'PrismaClient<PrismaClientOptions, never, DefaultArgs>'.
src/controllers/nominas.controller.ts(966,36): error TS2339: Property 'registroAsistencia' does not exist on type 'PrismaClient<PrismaClientOptions, never, DefaultArgs>'.
src/controllers/pacientes.controller.ts(173,31): error TS2345: Argument of type 'string | string[]' is not assignable to parameter of type 'string'.
  Type 'string[]' is not assignable to type 'string'.
src/controllers/pacientes.controller.ts(198,31): error TS2345: Argument of type 'string | string[]' is not assignable to parameter of type 'string'.
  Type 'string[]' is not assignable to type 'string'.
src/controllers/pacientes.controller.ts(226,27): error TS2345: Argument of type 'string | string[]' is not assignable to parameter of type 'string'.
  Type 'string[]' is not assignable to type 'string'.
src/controllers/solicitudesMedicas.controller.ts(20,34): error TS2339: Property 'solicitudMedica' does not exist on type 'PrismaClient<PrismaClientOptions, never, DefaultArgs>'.
src/controllers/solicitudesMedicas.controller.ts(29,36): error TS2339: Property 'solicitudMedica' does not exist on type 'PrismaClient<PrismaClientOptions, never, DefaultArgs>'.
src/controllers/solicitudesMedicas.controller.ts(37,23): error TS2345: Argument of type 'string | string[]' is not assignable to parameter of type 'string'.
  Type 'string[]' is not assignable to type 'string'.
src/controllers/solicitudesMedicas.controller.ts(40,31): error TS2339: Property 'solicitudMedica' does not exist on type 'PrismaClient<PrismaClientOptions, never, DefaultArgs>'.
src/controllers/solicitudesMedicas.controller.ts(43,34): error TS2339: Property 'solicitudMedica' does not exist on type 'PrismaClient<PrismaClientOptions, never, DefaultArgs>'.
src/controllers/usuarios.controller.ts(73,23): error TS2345: Argument of type 'string | string[]' is not assignable to parameter of type 'string'.
  Type 'string[]' is not assignable to type 'string'.
src/controllers/usuarios.controller.ts(93,23): error TS2345: Argument of type 'string | string[]' is not assignable to parameter of type 'string'.
  Type 'string[]' is not assignable to type 'string'.
src/controllers/usuarios.controller.ts(111,23): error TS2345: Argument of type 'string | string[]' is not assignable to parameter of type 'string'.
  Type 'string[]' is not assignable to type 'string'.
src/routes/inventario.routes.ts(31,11): error TS2345: Argument of type 'string | string[]' is not assignable to parameter of type 'string'.
  Type 'string[]' is not assignable to type 'string'.
src/routes/inventario.routes.ts(36,11): error TS2345: Argument of type 'string | string[]' is not assignable to parameter of type 'string'.
  Type 'string[]' is not assignable to type 'string'.
src/routes/nominas.routes.ts(34,45): error TS2339: Property 'RECURSOS_HUMANOS' does not exist on type '{ ADMIN_GENERAL: "ADMIN_GENERAL"; AREA_MEDICA: "AREA_MEDICA"; ENFERMERIA: "ENFERMERIA"; NUTRICION: "NUTRICION"; PSICOLOGIA: "PSICOLOGIA"; RRHH_FINANZAS: "RRHH_FINANZAS"; ADMISIONES: "ADMISIONES"; ALMACEN: "ALMACEN"; JEFE_MEDICO: "JEFE_MEDICO"; }'.
src/routes/nominas.routes.ts(34,67): error TS2339: Property 'RECURSOS_FINANCIEROS' does not exist on type '{ ADMIN_GENERAL: "ADMIN_GENERAL"; AREA_MEDICA: "AREA_MEDICA"; ENFERMERIA: "ENFERMERIA"; NUTRICION: "NUTRICION"; PSICOLOGIA: "PSICOLOGIA"; RRHH_FINANZAS: "RRHH_FINANZAS"; ADMISIONES: "ADMISIONES"; ALMACEN: "ALMACEN"; JEFE_MEDICO: "JEFE_MEDICO"; }'.
src/routes/nominas.routes.ts(35,7): error TS2339: Property 'JEFE_ADMINISTRATIVO' does not exist on type '{ ADMIN_GENERAL: "ADMIN_GENERAL"; AREA_MEDICA: "AREA_MEDICA"; ENFERMERIA: "ENFERMERIA"; NUTRICION: "NUTRICION"; PSICOLOGIA: "PSICOLOGIA"; RRHH_FINANZAS: "RRHH_FINANZAS"; ADMISIONES: "ADMISIONES"; ALMACEN: "ALMACEN"; JEFE_MEDICO: "JEFE_MEDICO"; }'.
src/routes/nominas.routes.ts(42,7): error TS2339: Property 'RECURSOS_HUMANOS' does not exist on type '{ ADMIN_GENERAL: "ADMIN_GENERAL"; AREA_MEDICA: "AREA_MEDICA"; ENFERMERIA: "ENFERMERIA"; NUTRICION: "NUTRICION"; PSICOLOGIA: "PSICOLOGIA"; RRHH_FINANZAS: "RRHH_FINANZAS"; ADMISIONES: "ADMISIONES"; ALMACEN: "ALMACEN"; JEFE_MEDICO: "JEFE_MEDICO"; }'.
src/routes/nominas.routes.ts(42,29): error TS2339: Property 'RECURSOS_FINANCIEROS' does not exist on type '{ ADMIN_GENERAL: "ADMIN_GENERAL"; AREA_MEDICA: "AREA_MEDICA"; ENFERMERIA: "ENFERMERIA"; NUTRICION: "NUTRICION"; PSICOLOGIA: "PSICOLOGIA"; RRHH_FINANZAS: "RRHH_FINANZAS"; ADMISIONES: "ADMISIONES"; ALMACEN: "ALMACEN"; JEFE_MEDICO: "JEFE_MEDICO"; }'.
src/routes/nominas.routes.ts(42,55): error TS2339: Property 'JEFE_ADMINISTRATIVO' does not exist on type '{ ADMIN_GENERAL: "ADMIN_GENERAL"; AREA_MEDICA: "AREA_MEDICA"; ENFERMERIA: "ENFERMERIA"; NUTRICION: "NUTRICION"; PSICOLOGIA: "PSICOLOGIA"; RRHH_FINANZAS: "RRHH_FINANZAS"; ADMISIONES: "ADMISIONES"; ALMACEN: "ALMACEN"; JEFE_MEDICO: "JEFE_MEDICO"; }'.
src/routes/nominas.routes.ts(58,9): error TS2339: Property 'RECURSOS_HUMANOS' does not exist on type '{ ADMIN_GENERAL: "ADMIN_GENERAL"; AREA_MEDICA: "AREA_MEDICA"; ENFERMERIA: "ENFERMERIA"; NUTRICION: "NUTRICION"; PSICOLOGIA: "PSICOLOGIA"; RRHH_FINANZAS: "RRHH_FINANZAS"; ADMISIONES: "ADMISIONES"; ALMACEN: "ALMACEN"; JEFE_MEDICO: "JEFE_MEDICO"; }'.
src/routes/nominas.routes.ts(59,9): error TS2339: Property 'JEFE_ADMINISTRATIVO' does not exist on type '{ ADMIN_GENERAL: "ADMIN_GENERAL"; AREA_MEDICA: "AREA_MEDICA"; ENFERMERIA: "ENFERMERIA"; NUTRICION: "NUTRICION"; PSICOLOGIA: "PSICOLOGIA"; RRHH_FINANZAS: "RRHH_FINANZAS"; ADMISIONES: "ADMISIONES"; ALMACEN: "ALMACEN"; JEFE_MEDICO: "JEFE_MEDICO"; }'.
src/routes/nominas.routes.ts(89,17): error TS2339: Property 'RECURSOS_FINANCIEROS' does not exist on type '{ ADMIN_GENERAL: "ADMIN_GENERAL"; AREA_MEDICA: "AREA_MEDICA"; ENFERMERIA: "ENFERMERIA"; NUTRICION: "NUTRICION"; PSICOLOGIA: "PSICOLOGIA"; RRHH_FINANZAS: "RRHH_FINANZAS"; ADMISIONES: "ADMISIONES"; ALMACEN: "ALMACEN"; JEFE_MEDICO: "JEFE_MEDICO"; }'.
src/routes/nominas.routes.ts(107,17): error TS2339: Property 'JEFE_ADMINISTRATIVO' does not exist on type '{ ADMIN_GENERAL: "ADMIN_GENERAL"; AREA_MEDICA: "AREA_MEDICA"; ENFERMERIA: "ENFERMERIA"; NUTRICION: "NUTRICION"; PSICOLOGIA: "PSICOLOGIA"; RRHH_FINANZAS: "RRHH_FINANZAS"; ADMISIONES: "ADMISIONES"; ALMACEN: "ALMACEN"; JEFE_MEDICO: "JEFE_MEDICO"; }'.
src/routes/nominas.routes.ts(114,17): error TS2339: Property 'RECURSOS_HUMANOS' does not exist on type '{ ADMIN_GENERAL: "ADMIN_GENERAL"; AREA_MEDICA: "AREA_MEDICA"; ENFERMERIA: "ENFERMERIA"; NUTRICION: "NUTRICION"; PSICOLOGIA: "PSICOLOGIA"; RRHH_FINANZAS: "RRHH_FINANZAS"; ADMISIONES: "ADMISIONES"; ALMACEN: "ALMACEN"; JEFE_MEDICO: "JEFE_MEDICO"; }'.
